toothbrush                          0.99
apples                              4.97
  1.99 * 2.500
toothbrush                          0.99
10.000000% off(toothbrush)         -0.20

Total:                              6.76

